// Jest Snapshot v1, https://goo.gl/fbAQLP

exports[`AddTaskForm matches snapshot 1`] = `
<DocumentFragment>
  <form
    class="bg-white shadow-md rounded px-8 pt-6 pb-8 mb-4"
  >
    <h2
      class="text-xl font-bold mb-4 text-center"
    >
      Add New Task
    </h2>
    <div
      class="mb-4"
    >
      <input
        class="shadow appearance-none border rounded w-full py-2 px-3 text-gray-700 leading-tight focus:outline-none focus:shadow-outline"
        placeholder="Task title"
        required=""
        type="text"
        value=""
      />
    </div>
    <div
      class="mb-4"
    >
      <textarea
        class="shadow appearance-none border rounded w-full py-2 px-3 text-gray-700 leading-tight focus:outline-none focus:shadow-outline"
        placeholder="Task description"
      />
    </div>
    <div
      class="mb-4"
    >
      <input
        class="shadow appearance-none border rounded w-full py-2 px-3 text-gray-700 leading-tight focus:outline-none focus:shadow-outline"
        data-testid="due-date-input"
        required=""
        type="date"
        value=""
      />
    </div>
    <div
      class="flex items-center justify-between"
    >
      <button
        class="bg-blue-600 hover:bg-blue-700 text-white font-semibold py-2 px-4 rounded-lg shadow-md transition duration-300"
        type="submit"
      >
        Add Task
      </button>
    </div>
  </form>
</DocumentFragment>
`;
